[www.gcodes.info/index.html]
[backblue.gif]
[fade.gif]
[index.html]
[www.gcodes.info/favicon.ico]
[www.gcodes.info/favicon.png]
[www.gcodes.info/resources/img/facebook.html]
[www.gcodes.info/index-2.html]
[www.gcodes.info/resources/styles30f430f430f4.css]
[www.gcodes.info/googleplay.html]
[www.gcodes.info/xbox.html]
[www.gcodes.info/steam.html]
[www.gcodes.info/microsoft.html]
[www.gcodes.info/playstation.html]
[www.gcodes.info/itunes.html]
[www.gcodes.info/skype.html]
[www.gcodes.info/windows.html]
[www.gcodes.info/ebay.html]
[www.gcodes.info/paypal.html]
[www.gcodes.info/amazon.html]
[www.gcodes.info/facebook.html]
[www.gcodes.info/netflix.html]
[www.gcodes.info/spotify.html]
[www.gcodes.info/free-paypal-cash-gift-cards.html]
[www.gcodes.info/ajax.googleapis.com/ajax/libs/jquery/1.11.1/jquery.min.js]
[www.gcodes.info/resources/plugins30f430f430f4.js]
[www.gcodes.info/index.html]
[www.gcodes.info/resources/img/facebook.html]
[www.gcodes.info/index-2.html]
[www.gcodes.info/resources/styles30f430f430f4.css]
[www.gcodes.info/www.google-analytics.com/analytics.html]
[www.gcodes.info/free-google-play-gift-cards.html]
[www.gcodes.info/free-xbox-gift-cards.html]
[www.gcodes.info/free-steam-gift-cards.html]
[www.gcodes.info/free-microsoft-gift-cards.html]
[www.gcodes.info/free-playstation-store-gift-cards.html]
[www.gcodes.info/free-itunes-gift-cards.html]
[www.gcodes.info/free-skype-credit-gift-cards.html]
[www.gcodes.info/free-windows-gift-cards.html]
[www.gcodes.info/free-ebay-gift-cards.html]
[www.gcodes.info/free-amazon-gift-cards.html]
[www.gcodes.info/free-facebook-gift-cards.html]
[www.gcodes.info/free-netflix-gift-cards.html]
[www.gcodes.info/free-spotify-gift-cards.html]
[www.gcodes.info/googleplay.html]
[www.gcodes.info/i.imgur.com/Bob0ZOX.png]
[www.gcodes.info/xbox.html]
[www.gcodes.info/steam.html]
[www.gcodes.info/microsoft.html]
[www.gcodes.info/playstation.html]
[www.gcodes.info/itunes.html]
[www.gcodes.info/skype.html]
[www.gcodes.info/windows.html]
[www.gcodes.info/ebay.html]
[www.gcodes.info/paypal.html]
[www.gcodes.info/amazon.html]
[www.gcodes.info/facebook.html]
[www.gcodes.info/netflix.html]
[www.gcodes.info/spotify.html]
[www.gcodes.info/free-paypal-cash-gift-cards.html]
[www.gcodes.info/www.google-analytics.com/analytics.html]
[www.gcodes.info/free-google-play-gift-cards.html]
[www.gcodes.info/free-xbox-gift-cards.html]
[www.gcodes.info/free-steam-gift-cards.html]
[www.gcodes.info/free-microsoft-gift-cards.html]
[www.gcodes.info/free-playstation-store-gift-cards.html]
[www.gcodes.info/free-itunes-gift-cards.html]
[www.gcodes.info/free-skype-credit-gift-cards.html]
[www.gcodes.info/free-windows-gift-cards.html]
[www.gcodes.info/free-ebay-gift-cards.html]
[www.gcodes.info/free-amazon-gift-cards.html]
[www.gcodes.info/free-facebook-gift-cards.html]
[www.gcodes.info/free-netflix-gift-cards.html]
[www.gcodes.info/free-spotify-gift-cards.html]
